#
# There is insufficient memory for the Java Runtime Environment to continue.
# Native memory allocation (mmap) failed to map 532676608 bytes for G1 virtual space
# Possible reasons:
#   The system is out of physical RAM or swap space
#   The process is running with CompressedOops enabled, and the Java Heap may be blocking the growth of the native heap
# Possible solutions:
#   Reduce memory load on the system
#   Increase physical memory or swap space
#   Check if swap backing store is full
#   Decrease Java heap size (-Xmx/-Xms)
#   Decrease number of Java threads
#   Decrease Java thread stack sizes (-Xss)
#   Set larger code cache with -XX:ReservedCodeCacheSize=
#   JVM is running with Zero Based Compressed Oops mode in which the Java heap is
#     placed in the first 32GB address space. The Java Heap base address is the
#     maximum limit for the native heap growth. Please use -XX:HeapBaseMinAddress
#     to set the Java Heap base and to place the Java Heap above 32GB virtual address.
# This output file may be truncated or incomplete.
#
#  Out of Memory Error (os_windows.cpp:3613), pid=13112, tid=16508
#
# JRE version:  (17.0.9+9) (build )
# Java VM: OpenJDK 64-Bit Server VM (17.0.9+9, mixed mode, sharing, tiered, compressed oops, compressed class ptrs, g1 gc, windows-amd64)
# No core dump will be written. Minidumps are not enabled by default on client versions of Windows
#

---------------  S U M M A R Y ------------

Command Line: 

Host: 12th Gen Intel(R) Core(TM) i7-12700H, 20 cores, 31G,  Windows 11 , 64 bit Build 26100 (10.0.26100.4768)
Time: Fri Oct  3 21:12:55 2025 RTZ 2 (s 11 , 64 bit Build 26100 (10.0.26100.4768) elapsed time: 1.084614 seconds (0d 0h 0m 1s)

---------------  T H R E A D  ---------------

Current thread (0x000001ef5ef7d350):  JavaThread "Unknown thread" [_thread_in_vm, id=16508, stack(0x000000eaecb00000,0x000000eaecc00000)]

Stack: [0x000000eaecb00000,0x000000eaecc00000]
Native frames: (J=compiled Java code, j=interpreted, Vv=VM code, C=native code)
V  [jvm.dll+0x67cf49]
V  [jvm.dll+0x83478a]
V  [jvm.dll+0x83624e]
V  [jvm.dll+0x8368b3]
V  [jvm.dll+0x247f1f]
V  [jvm.dll+0x679d69]
V  [jvm.dll+0x66e6ba]
V  [jvm.dll+0x307e5b]
V  [jvm.dll+0x30f306]
V  [jvm.dll+0x35f0ce]
V  [jvm.dll+0x35f2ff]
V  [jvm.dll+0x2dea58]
V  [jvm.dll+0x2df9c4]
V  [jvm.dll+0x806031]
V  [jvm.dll+0x36cf31]
V  [jvm.dll+0x7e4aac]
V  [jvm.dll+0x3f07af]
V  [jvm.dll+0x3f23e1]
C  [jli.dll+0x528f]
C  [ucrtbase.dll+0x37b0]
C  [KERNEL32.DLL+0x2e8d7]
C  [ntdll.dll+0x3c34c]


---------------  P R O C E S S  ---------------

Threads class SMR info:
_java_thread_list=0x00007ff9ed4eee98, length=0, elements={
}

Java Threads: ( => current thread )

Other Threads:
  0x000001ef5efe8cc0 GCTaskThread "GC Thread#0" [stack: 0x000000eaecc00000,0x000000eaecd00000] [id=46252]
  0x000001ef79630b80 ConcurrentGCThread "G1 Main Marker" [stack: 0x000000eaecd00000,0x000000eaece00000] [id=12328]
  0x000001ef5effa730 ConcurrentGCThread "G1 Conc#0" [stack: 0x000000eaece00000,0x000000eaecf00000] [id=40640]

[error occurred during error reporting (printing all threads), id 0xc0000005, EXCEPTION_ACCESS_VIOLATION (0xc0000005) at pc=0x00007ff9eccaf497]

VM state: not at safepoint (not fully initialized)

VM Mutex/Monitor currently owned by a thread:  ([mutex/lock_event])
[0x000001ef5ef7a7a0] Heap_lock - owner thread: 0x000001ef5ef7d350

Heap address: 0x0000000604800000, size: 8120 MB, Compressed Oops mode: Zero based, Oop shift amount: 3

CDS archive(s) mapped at: [0x0000000000000000-0x0000000000000000-0x0000000000000000), size 0, SharedBaseAddress: 0x0000000800000000, ArchiveRelocationMode: 1.
Narrow klass base: 0x0000000000000000, Narrow klass shift: 0, Narrow klass range: 0x0

GC Precious Log:
<Empty>

Heap:
 garbage-first heap   total 0K, used 0K [0x0000000604800000, 0x0000000800000000)
  region size 4096K, 0 young (0K), 0 survivors (0K)

[error occurred during error reporting (printing heap information), id 0xc0000005, EXCEPTION_ACCESS_VIOLATION (0xc0000005) at pc=0x00007ff9ed096c79]

GC Heap History (0 events):
No events

Dll operation events (1 events):
Event: 0.029 Loaded shared library C:\Program Files\Unity\Hub\Editor\6000.0.48f1\Editor\Data\PlaybackEngines\AndroidPlayer\OpenJDK\bin\java.dll

Deoptimization events (0 events):
No events

Classes unloaded (0 events):
No events

Classes redefined (0 events):
No events

Internal exceptions (0 events):
No events

VM Operations (0 events):
No events

Events (0 events):
No events


Dynamic libraries:
0x00007ff643070000 - 0x00007ff64307e000 	C:\Program Files\Unity\Hub\Editor\6000.0.48f1\Editor\Data\PlaybackEngines\AndroidPlayer\OpenJDK\bin\java.exe
0x00007ffaaec40000 - 0x00007ffaaeea7000 	C:\WINDOWS\SYSTEM32\ntdll.dll
0x00007ffaad860000 - 0x00007ffaad929000 	C:\WINDOWS\System32\KERNEL32.DLL
0x00007ffaac5d0000 - 0x00007ffaac9c0000 	C:\WINDOWS\System32\KERNELBASE.dll
0x00007ffaa8510000 - 0x00007ffaa85ae000 	C:\WINDOWS\SYSTEM32\apphelp.dll
0x00007ffaac3c0000 - 0x00007ffaac50b000 	C:\WINDOWS\System32\ucrtbase.dll
0x00007ffa9b690000 - 0x00007ffa9b6ab000 	C:\Program Files\Unity\Hub\Editor\6000.0.48f1\Editor\Data\PlaybackEngines\AndroidPlayer\OpenJDK\bin\VCRUNTIME140.dll
0x00007ffa7acf0000 - 0x00007ffa7ad07000 	C:\Program Files\Unity\Hub\Editor\6000.0.48f1\Editor\Data\PlaybackEngines\AndroidPlayer\OpenJDK\bin\jli.dll
0x00007ffaad120000 - 0x00007ffaad2e5000 	C:\WINDOWS\System32\USER32.dll
0x00007ffaac300000 - 0x00007ffaac327000 	C:\WINDOWS\System32\win32u.dll
0x00007ffaadc50000 - 0x00007ffaadc7b000 	C:\WINDOWS\System32\GDI32.dll
0x00007ffaabef0000 - 0x00007ffaac028000 	C:\WINDOWS\System32\gdi32full.dll
0x00007ffaac030000 - 0x00007ffaac0d3000 	C:\WINDOWS\System32\msvcp_win.dll
0x00007ffa9d3e0000 - 0x00007ffa9d67a000 	C:\WINDOWS\WinSxS\amd64_microsoft.windows.common-controls_6595b64144ccf1df_6.0.26100.4768_none_3e0c112ce331287c\COMCTL32.dll
0x00007ffaaca80000 - 0x00007ffaacb29000 	C:\WINDOWS\System32\msvcrt.dll
0x00007ffaaca30000 - 0x00007ffaaca5f000 	C:\WINDOWS\System32\IMM32.DLL
0x00007ffaa0990000 - 0x00007ffaa099c000 	C:\Program Files\Unity\Hub\Editor\6000.0.48f1\Editor\Data\PlaybackEngines\AndroidPlayer\OpenJDK\bin\vcruntime140_1.dll
0x00007ffa5c9a0000 - 0x00007ffa5ca2d000 	C:\Program Files\Unity\Hub\Editor\6000.0.48f1\Editor\Data\PlaybackEngines\AndroidPlayer\OpenJDK\bin\msvcp140.dll
0x00007ff9ec9c0000 - 0x00007ff9ed621000 	C:\Program Files\Unity\Hub\Editor\6000.0.48f1\Editor\Data\PlaybackEngines\AndroidPlayer\OpenJDK\bin\server\jvm.dll
0x00007ffaacb30000 - 0x00007ffaacbe4000 	C:\WINDOWS\System32\ADVAPI32.dll
0x00007ffaaea60000 - 0x00007ffaaeb06000 	C:\WINDOWS\System32\sechost.dll
0x00007ffaad5f0000 - 0x00007ffaad708000 	C:\WINDOWS\System32\RPCRT4.dll
0x00007ffa9f130000 - 0x00007ffa9f13b000 	C:\WINDOWS\SYSTEM32\VERSION.dll
0x00007ffa9f3f0000 - 0x00007ffa9f425000 	C:\WINDOWS\SYSTEM32\WINMM.dll
0x00007ffaaa910000 - 0x00007ffaaa96e000 	C:\WINDOWS\SYSTEM32\POWRPROF.dll
0x00007ffaa0970000 - 0x00007ffaa097a000 	C:\WINDOWS\SYSTEM32\WSOCK32.dll
0x00007ffaaeb80000 - 0x00007ffaaebf4000 	C:\WINDOWS\System32\WS2_32.dll
0x00007ffaaa8f0000 - 0x00007ffaaa904000 	C:\WINDOWS\SYSTEM32\UMPDC.dll
0x00007ffaaab30000 - 0x00007ffaaab4b000 	C:\WINDOWS\SYSTEM32\kernel.appcore.dll
0x00007ffa9cb80000 - 0x00007ffa9cb8a000 	C:\Program Files\Unity\Hub\Editor\6000.0.48f1\Editor\Data\PlaybackEngines\AndroidPlayer\OpenJDK\bin\jimage.dll
0x00007ffaa9390000 - 0x00007ffaa95d1000 	C:\WINDOWS\SYSTEM32\DBGHELP.DLL
0x00007ffaadc80000 - 0x00007ffaae005000 	C:\WINDOWS\System32\combase.dll
0x00007ffaae010000 - 0x00007ffaae0f0000 	C:\WINDOWS\System32\OLEAUT32.dll
0x00007ffa85050000 - 0x00007ffa85093000 	C:\WINDOWS\SYSTEM32\dbgcore.DLL
0x00007ffaac0e0000 - 0x00007ffaac179000 	C:\WINDOWS\System32\bcryptPrimitives.dll
0x00007ffa72a20000 - 0x00007ffa72a45000 	C:\Program Files\Unity\Hub\Editor\6000.0.48f1\Editor\Data\PlaybackEngines\AndroidPlayer\OpenJDK\bin\java.dll

dbghelp: loaded successfully - version: 4.0.5 - missing functions: none
symbol engine: initialized successfully - sym options: 0x614 - pdb path: .;C:\Program Files\Unity\Hub\Editor\6000.0.48f1\Editor\Data\PlaybackEngines\AndroidPlayer\OpenJDK\bin;C:\WINDOWS\SYSTEM32;C:\WINDOWS\WinSxS\amd64_microsoft.windows.common-controls_6595b64144ccf1df_6.0.26100.4768_none_3e0c112ce331287c;C:\Program Files\Unity\Hub\Editor\6000.0.48f1\Editor\Data\PlaybackEngines\AndroidPlayer\OpenJDK\bin\server

VM Arguments:
java_command: <unknown>
java_class_path (initial): <not set>
Launcher Type: SUN_STANDARD

[Global flags]
     intx CICompilerCount                          = 12                                        {product} {ergonomic}
     uint ConcGCThreads                            = 4                                         {product} {ergonomic}
     uint G1ConcRefinementThreads                  = 15                                        {product} {ergonomic}
   size_t G1HeapRegionSize                         = 4194304                                   {product} {ergonomic}
    uintx GCDrainStackTargetSize                   = 64                                        {product} {ergonomic}
   size_t InitialHeapSize                          = 532676608                                 {product} {ergonomic}
   size_t MarkStackSize                            = 4194304                                   {product} {ergonomic}
   size_t MaxHeapSize                              = 8514437120                                {product} {ergonomic}
   size_t MinHeapDeltaBytes                        = 4194304                                   {product} {ergonomic}
   size_t MinHeapSize                              = 8388608                                   {product} {ergonomic}
    uintx NonNMethodCodeHeapSize                   = 7602480                                {pd product} {ergonomic}
    uintx NonProfiledCodeHeapSize                  = 122027880                              {pd product} {ergonomic}
    uintx ProfiledCodeHeapSize                     = 122027880                              {pd product} {ergonomic}
    uintx ReservedCodeCacheSize                    = 251658240                              {pd product} {ergonomic}
     bool SegmentedCodeCache                       = true                                      {product} {ergonomic}
   size_t SoftMaxHeapSize                          = 8514437120                             {manageable} {ergonomic}
     bool UseCompressedClassPointers               = true                           {product lp64_product} {ergonomic}
     bool UseCompressedOops                        = true                           {product lp64_product} {ergonomic}
     bool UseG1GC                                  = true                                      {product} {ergonomic}
     bool UseLargePagesIndividualAllocation        = false                                  {pd product} {ergonomic}

Logging:
Log output configuration:
 #0: stdout all=warning uptime,level,tags
 #1: stderr all=off uptime,level,tags

Environment Variables:
JAVA_HOME=C:\Program Files\Unity\Hub\Editor\6000.0.48f1\Editor\Data\PlaybackEngines\AndroidPlayer\OpenJDK
PATH=C:\Program Files\Microsoft\jdk-17.0.12.7-hotspot\bin;C:\WINDOWS\system32;C:\WINDOWS;C:\WINDOWS\System32\Wbem;C:\WINDOWS\System32\WindowsPowerShell\v1.0\;C:\WINDOWS\System32\OpenSSH\;C:\Program Files\nodejs\;C:\Program Files\Git\cmd;C:\Program Files\Go\bin;C:\ProgramData\chocolatey\bin;C:\Program Files\PuTTY\;C:\Program Files\dotnet\;C:\Program Files\Docker\Docker\resources\bin;C:\Users\mikalai2006\AppData\Local\Microsoft\WindowsApps;C:\Users\mikalai2006\AppData\Roaming\npm;C:\Users\mikalai2006\AppData\Local\Programs\Microsoft VS Code\bin;C:\Users\mikalai2006\go\bin;c:\Users\mikalai2006\AppData\Local\Android\Sdk\platform-tools\;C:\Users\mikalai2006\.dotnet\tools
USERNAME=mikalai2006
OS=Windows_NT
PROCESSOR_IDENTIFIER=Intel64 Family 6 Model 154 Stepping 3, GenuineIntel
TMP=C:\Users\MIKALA~1\AppData\Local\Temp
TEMP=C:\Users\MIKALA~1\AppData\Local\Temp



Periodic native trim disabled


---------------  S Y S T E M  ---------------

OS:
 Windows 11 , 64 bit Build 26100 (10.0.26100.4768)
OS uptime: 33 days 4:48 hours
Hyper-V role detected

CPU: total 20 (initial active 20) (10 cores per cpu, 2 threads per core) family 6 model 154 stepping 3 microcode 0x414, cx8, cmov, fxsr, ht, mmx, 3dnowpref, sse, sse2, sse3, ssse3, sse4.1, sse4.2, popcnt, lzcnt, tsc, tscinvbit, avx, avx2, aes, erms, clmul, bmi1, bmi2, adx, sha, fma, vzeroupper, clflush, clflushopt, clwb, hv
Processor Information for processor 0
  Max Mhz: 2700, Current Mhz: 2700, Mhz Limit: 2700
Processor Information for processor 1
  Max Mhz: 2700, Current Mhz: 2700, Mhz Limit: 2700
Processor Information for processor 2
  Max Mhz: 2700, Current Mhz: 2700, Mhz Limit: 2700
Processor Information for processor 3
  Max Mhz: 2700, Current Mhz: 2700, Mhz Limit: 2700
Processor Information for processor 4
  Max Mhz: 2700, Current Mhz: 2700, Mhz Limit: 2700
Processor Information for processor 5
  Max Mhz: 2700, Current Mhz: 2700, Mhz Limit: 2700
Processor Information for processor 6
  Max Mhz: 2700, Current Mhz: 2700, Mhz Limit: 2700
Processor Information for processor 7
  Max Mhz: 2700, Current Mhz: 2700, Mhz Limit: 2700
Processor Information for processor 8
  Max Mhz: 2700, Current Mhz: 2700, Mhz Limit: 2700
Processor Information for processor 9
  Max Mhz: 2700, Current Mhz: 2700, Mhz Limit: 2700
Processor Information for processor 10
  Max Mhz: 2700, Current Mhz: 2700, Mhz Limit: 2700
Processor Information for processor 11
  Max Mhz: 2700, Current Mhz: 2700, Mhz Limit: 2700
Processor Information for processor 12
  Max Mhz: 2700, Current Mhz: 1526, Mhz Limit: 1971
Processor Information for processor 13
  Max Mhz: 2700, Current Mhz: 1526, Mhz Limit: 1971
Processor Information for processor 14
  Max Mhz: 2700, Current Mhz: 1526, Mhz Limit: 1971
Processor Information for processor 15
  Max Mhz: 2700, Current Mhz: 1995, Mhz Limit: 1971
Processor Information for processor 16
  Max Mhz: 2700, Current Mhz: 1526, Mhz Limit: 1971
Processor Information for processor 17
  Max Mhz: 2700, Current Mhz: 1995, Mhz Limit: 1971
Processor Information for processor 18
  Max Mhz: 2700, Current Mhz: 1995, Mhz Limit: 1971
Processor Information for processor 19
  Max Mhz: 2700, Current Mhz: 1995, Mhz Limit: 1971

Memory: 4k page, system-wide physical 32471M (10914M free)
TotalPageFile size 34519M (AvailPageFile size 435M)
current process WorkingSet (physical memory assigned to process): 13M, peak: 13M
current process commit charge ("private bytes"): 75M, peak: 583M

vm_info: OpenJDK 64-Bit Server VM (17.0.9+9) for windows-amd64 JRE (17.0.9+9), built on Oct 26 2023 14:01:42 by "admin" with MS VC++ 16.10 / 16.11 (VS2019)

END.
